2025-08-11 21:16:10 - === ファイルリストを使用した50倍増幅開始（並列処理版） ===
2025-08-11 21:16:10 - day=01 のファイルリストを処理中:      143個のファイル
2025-08-11 21:16:10 -   ファイル api-logs-json-gz/year=2025/month=07/day=01/buildersflash-api-service-json-gz-1-2025-07-28-19-52-44-add856f2-021b-4105-b06d-a90093beee58.gz を50倍に増幅中（並列処理）...
2025-08-11 21:16:12 -   ファイル api-logs-json-gz/year=2025/month=07/day=01/buildersflash-api-service-json-gz-1-2025-07-28-19-53-54-bd1c26b5-f786-4189-bbf4-a06737ec25d7.gz を50倍に増幅中（並列処理）...
2025-08-11 21:16:19 -   ファイル api-logs-json-gz/year=2025/month=07/day=01/buildersflash-api-service-json-gz-1-2025-07-28-19-55-04-d3f4e393-9b71-4b3a-8ebe-af8d8dc22257.gz を50倍に増幅中（並列処理）...
2025-08-11 21:16:27 -   ファイル api-logs-json-gz/year=2025/month=07/day=01/buildersflash-api-service-json-gz-1-2025-07-28-19-56-04-71bdf28c-38b8-4a8a-8333-23128486d0b3.gz を50倍に増幅中（並列処理）...
2025-08-11 21:16:33 -   ファイル api-logs-json-gz/year=2025/month=07/day=01/buildersflash-api-service-json-gz-1-2025-07-28-19-57-24-93b78008-03e5-44ee-b11f-63ddcadc5203.gz を50倍に増幅中（並列処理）...
2025-08-11 21:16:40 -   ファイル api-logs-json-gz/year=2025/month=07/day=01/buildersflash-api-service-json-gz-1-2025-07-28-19-58-24-2f710a78-147e-42b4-8bf9-6228c634afc0.gz を50倍に増幅中（並列処理）...
2025-08-11 21:16:47 -   ファイル api-logs-json-gz/year=2025/month=07/day=01/buildersflash-api-service-json-gz-1-2025-07-28-19-59-34-073291c5-f700-4177-9e21-c9dd320ceff1.gz を50倍に増幅中（並列処理）...
2025-08-11 21:16:54 -   ファイル api-logs-json-gz/year=2025/month=07/day=01/buildersflash-api-service-json-gz-1-2025-07-28-20-00-36-01c4d4ba-7424-4b94-8fed-63b28247d204.gz を50倍に増幅中（並列処理）...
2025-08-11 21:17:00 -   ファイル api-logs-json-gz/year=2025/month=07/day=01/buildersflash-api-service-json-gz-1-2025-07-28-20-01-36-30d050b6-b61b-48bc-aaa0-cce469c1dcfc.gz を50倍に増幅中（並列処理）...
2025-08-11 21:17:09 -   ファイル api-logs-json-gz/year=2025/month=07/day=01/buildersflash-api-service-json-gz-1-2025-07-28-20-02-37-e632aeb9-e88b-4ec2-a603-9c95b7e58298.gz を50倍に増幅中（並列処理）...
2025-08-11 21:17:16 -   ファイル api-logs-json-gz/year=2025/month=07/day=01/buildersflash-api-service-json-gz-1-2025-07-28-20-03-37-35d74cc9-8cb4-46aa-a658-f70b65451338.gz を50倍に増幅中（並列処理）...
2025-08-11 21:17:25 -   ファイル api-logs-json-gz/year=2025/month=07/day=01/buildersflash-api-service-json-gz-1-2025-07-28-20-04-38-bccd9b54-f516-45b0-81aa-e38ba9583f30.gz を50倍に増幅中（並列処理）...
2025-08-11 21:17:33 -   ファイル api-logs-json-gz/year=2025/month=07/day=01/buildersflash-api-service-json-gz-1-2025-07-28-20-05-39-e2313fdc-7b1c-4d91-8852-041ab6ff500c.gz を50倍に増幅中（並列処理）...
2025-08-11 21:17:40 -   ファイル api-logs-json-gz/year=2025/month=07/day=01/buildersflash-api-service-json-gz-1-2025-07-28-20-06-39-f4b67aaf-067a-49e7-8ff1-fcfae0b73af8.gz を50倍に増幅中（並列処理）...
2025-08-11 21:17:48 -   ファイル api-logs-json-gz/year=2025/month=07/day=01/buildersflash-api-service-json-gz-1-2025-07-28-20-07-40-1357446d-30f1-4301-957b-789061ccb7c1.gz を50倍に増幅中（並列処理）...
2025-08-11 21:17:56 -   ファイル api-logs-json-gz/year=2025/month=07/day=01/buildersflash-api-service-json-gz-1-2025-07-28-20-08-41-09d05059-aa7d-4296-add9-4c8294adce45.gz を50倍に増幅中（並列処理）...
2025-08-11 21:18:04 -   ファイル api-logs-json-gz/year=2025/month=07/day=01/buildersflash-api-service-json-gz-1-2025-07-28-20-09-42-9e0fb8b0-cccd-4313-9988-ed414c0379c6.gz を50倍に増幅中（並列処理）...
2025-08-11 21:18:11 -   ファイル api-logs-json-gz/year=2025/month=07/day=01/buildersflash-api-service-json-gz-1-2025-07-28-20-10-42-a7217d05-d2cd-44c5-943a-2640b50d692f.gz を50倍に増幅中（並列処理）...
2025-08-11 21:18:19 -   ファイル api-logs-json-gz/year=2025/month=07/day=01/buildersflash-api-service-json-gz-1-2025-07-28-20-11-43-f0ef7a6e-9732-4167-828b-cc70b8079f8e.gz を50倍に増幅中（並列処理）...
2025-08-11 21:18:26 -   ファイル api-logs-json-gz/year=2025/month=07/day=01/buildersflash-api-service-json-gz-1-2025-07-28-20-12-44-cf4224db-03f1-4c41-bbd2-0b3b9b06428f.gz を50倍に増幅中（並列処理）...
2025-08-11 21:18:34 -   ファイル api-logs-json-gz/year=2025/month=07/day=01/buildersflash-api-service-json-gz-1-2025-07-28-20-13-45-11a36b61-240c-42e5-a2d0-13cc7d026161.gz を50倍に増幅中（並列処理）...
2025-08-11 21:18:42 -   ファイル api-logs-json-gz/year=2025/month=07/day=01/buildersflash-api-service-json-gz-1-2025-07-28-20-14-45-e3feb7e4-a4ce-426d-8651-ab20bf942595.gz を50倍に増幅中（並列処理）...
2025-08-11 21:18:51 -   ファイル api-logs-json-gz/year=2025/month=07/day=01/buildersflash-api-service-json-gz-1-2025-07-28-20-15-46-0e389c3e-3bdc-4b79-bf6c-93911005f046.gz を50倍に増幅中（並列処理）...
2025-08-11 21:19:00 -   ファイル api-logs-json-gz/year=2025/month=07/day=01/buildersflash-api-service-json-gz-1-2025-07-28-20-16-47-1f627565-02b5-40f1-8251-ab608558d08a.gz を50倍に増幅中（並列処理）...
2025-08-11 21:19:10 -   ファイル api-logs-json-gz/year=2025/month=07/day=01/buildersflash-api-service-json-gz-1-2025-07-28-20-17-48-f20cae47-14d3-4361-8220-6f8fdb036d82.gz を50倍に増幅中（並列処理）...
2025-08-11 21:19:23 -   ファイル api-logs-json-gz/year=2025/month=07/day=01/buildersflash-api-service-json-gz-1-2025-07-28-20-18-49-45b307ff-b919-4fda-92e7-4e366705b02d.gz を50倍に増幅中（並列処理）...
2025-08-11 21:19:35 -   ファイル api-logs-json-gz/year=2025/month=07/day=01/buildersflash-api-service-json-gz-1-2025-07-28-20-19-49-eeb3f7a5-b376-4f99-8565-4d99dba9f0ea.gz を50倍に増幅中（並列処理）...
2025-08-11 21:19:47 -   ファイル api-logs-json-gz/year=2025/month=07/day=01/buildersflash-api-service-json-gz-1-2025-07-28-20-20-50-fd867e52-dbb1-4deb-a478-c503dc65c79f.gz を50倍に増幅中（並列処理）...
2025-08-11 21:19:59 -   ファイル api-logs-json-gz/year=2025/month=07/day=01/buildersflash-api-service-json-gz-1-2025-07-28-20-21-51-56bddecb-aefd-46f9-a274-44104fdc857b.gz を50倍に増幅中（並列処理）...
2025-08-11 21:20:11 -   ファイル api-logs-json-gz/year=2025/month=07/day=01/buildersflash-api-service-json-gz-1-2025-07-28-20-22-51-04826030-f367-47df-9c26-1aded3af3272.gz を50倍に増幅中（並列処理）...
2025-08-11 21:20:22 -   ファイル api-logs-json-gz/year=2025/month=07/day=01/buildersflash-api-service-json-gz-1-2025-07-28-20-23-52-7831687f-fd9e-4509-a7b1-63aeb83db404.gz を50倍に増幅中（並列処理）...
2025-08-11 21:20:33 -   ファイル api-logs-json-gz/year=2025/month=07/day=01/buildersflash-api-service-json-gz-1-2025-07-28-20-24-53-11a97fc0-936d-4931-8c19-0782311e2ab8.gz を50倍に増幅中（並列処理）...
2025-08-11 21:20:45 -   ファイル api-logs-json-gz/year=2025/month=07/day=01/buildersflash-api-service-json-gz-1-2025-07-28-20-25-54-433ab68d-5451-43cc-8360-1d007c06b5cd.gz を50倍に増幅中（並列処理）...
2025-08-11 21:20:55 -   ファイル api-logs-json-gz/year=2025/month=07/day=01/buildersflash-api-service-json-gz-1-2025-07-28-20-26-55-4716aa99-1aeb-4070-ae70-0e87bd52397c.gz を50倍に増幅中（並列処理）...
2025-08-11 21:21:05 -   ファイル api-logs-json-gz/year=2025/month=07/day=01/buildersflash-api-service-json-gz-1-2025-07-28-20-27-55-90f647e4-b72f-4512-bb33-3c6458212eb5.gz を50倍に増幅中（並列処理）...
2025-08-11 21:21:14 -   ファイル api-logs-json-gz/year=2025/month=07/day=01/buildersflash-api-service-json-gz-1-2025-07-28-20-28-56-5bf224bc-beab-46b2-9f23-674863dc2377.gz を50倍に増幅中（並列処理）...
2025-08-11 21:21:25 -   ファイル api-logs-json-gz/year=2025/month=07/day=01/buildersflash-api-service-json-gz-1-2025-07-28-20-29-57-ce013538-3a08-4536-ab00-d7d0b4ef80be.gz を50倍に増幅中（並列処理）...
2025-08-11 21:21:35 -   ファイル api-logs-json-gz/year=2025/month=07/day=01/buildersflash-api-service-json-gz-1-2025-07-28-20-30-57-0ce62870-6d2b-4aa2-ae81-2e588c3e0d9c.gz を50倍に増幅中（並列処理）...
2025-08-11 21:21:44 -   ファイル api-logs-json-gz/year=2025/month=07/day=01/buildersflash-api-service-json-gz-1-2025-07-28-20-31-58-69435185-d8e2-401b-b90f-3715493eeb23.gz を50倍に増幅中（並列処理）...
2025-08-11 21:21:54 -   ファイル api-logs-json-gz/year=2025/month=07/day=01/buildersflash-api-service-json-gz-1-2025-07-28-20-32-59-05b3bb1c-1591-4905-b90b-70c466d63521.gz を50倍に増幅中（並列処理）...
2025-08-11 21:22:03 -   ファイル api-logs-json-gz/year=2025/month=07/day=01/buildersflash-api-service-json-gz-1-2025-07-28-20-34-00-2e4baff1-13fe-4024-b460-fc42a1a57acc.gz を50倍に増幅中（並列処理）...
2025-08-11 21:22:12 -   ファイル api-logs-json-gz/year=2025/month=07/day=01/buildersflash-api-service-json-gz-1-2025-07-28-20-35-00-817dfab3-7d84-4d01-980d-26509b0af10c.gz を50倍に増幅中（並列処理）...
2025-08-11 21:22:22 -   ファイル api-logs-json-gz/year=2025/month=07/day=01/buildersflash-api-service-json-gz-1-2025-07-28-20-36-01-20153822-43ee-40ff-9920-ae3e02ce01a2.gz を50倍に増幅中（並列処理）...
2025-08-11 21:22:33 -   ファイル api-logs-json-gz/year=2025/month=07/day=01/buildersflash-api-service-json-gz-1-2025-07-28-20-37-01-6bbb1fee-e31e-4a2d-97a2-9df8bb3b74ef.gz を50倍に増幅中（並列処理）...
2025-08-11 21:22:43 -   ファイル api-logs-json-gz/year=2025/month=07/day=01/buildersflash-api-service-json-gz-1-2025-07-28-20-38-02-531de93e-6e7e-44fc-9ff5-dd549e45d653.gz を50倍に増幅中（並列処理）...
2025-08-11 21:22:53 -   ファイル api-logs-json-gz/year=2025/month=07/day=01/buildersflash-api-service-json-gz-1-2025-07-28-20-39-03-92ee451e-c298-433a-b875-71da7cbbac69.gz を50倍に増幅中（並列処理）...
2025-08-11 21:23:06 -   ファイル api-logs-json-gz/year=2025/month=07/day=01/buildersflash-api-service-json-gz-1-2025-07-28-20-40-04-20e5fffc-f23a-423f-af73-f3f99f98214c.gz を50倍に増幅中（並列処理）...
2025-08-11 21:23:19 -   ファイル api-logs-json-gz/year=2025/month=07/day=01/buildersflash-api-service-json-gz-1-2025-07-28-20-41-04-947376f2-c934-4137-9dd5-6bad939d5605.gz を50倍に増幅中（並列処理）...
2025-08-11 21:23:31 -   ファイル api-logs-json-gz/year=2025/month=07/day=01/buildersflash-api-service-json-gz-1-2025-07-28-20-42-07-f3ee9965-1bd6-493b-b10b-36fff3d4888c.gz を50倍に増幅中（並列処理）...
2025-08-11 21:23:44 -   ファイル api-logs-json-gz/year=2025/month=07/day=01/buildersflash-api-service-json-gz-1-2025-07-28-20-43-26-f92cd0b8-e02a-4108-af90-0a428c9b62b9.gz を50倍に増幅中（並列処理）...
2025-08-11 21:23:57 -   ファイル api-logs-json-gz/year=2025/month=07/day=01/buildersflash-api-service-json-gz-1-2025-07-28-20-44-26-9c635143-69a8-4ceb-be7b-56267ac80514.gz を50倍に増幅中（並列処理）...
2025-08-11 21:24:09 -   ファイル api-logs-json-gz/year=2025/month=07/day=01/buildersflash-api-service-json-gz-1-2025-07-28-20-45-27-9d72faae-b5de-4501-a01d-8692b193da9f.gz を50倍に増幅中（並列処理）...
2025-08-11 21:24:23 -   ファイル api-logs-json-gz/year=2025/month=07/day=01/buildersflash-api-service-json-gz-1-2025-07-28-20-46-27-b56e5871-c6d7-4ea4-8fff-40860e450e8c.gz を50倍に増幅中（並列処理）...
2025-08-11 21:24:36 -   ファイル api-logs-json-gz/year=2025/month=07/day=01/buildersflash-api-service-json-gz-1-2025-07-28-20-47-28-bedf568b-1a0b-45da-ba4f-667cf355fc0a.gz を50倍に増幅中（並列処理）...
2025-08-11 21:24:50 -   ファイル api-logs-json-gz/year=2025/month=07/day=01/buildersflash-api-service-json-gz-1-2025-07-28-20-48-29-14f1f121-e9b8-4333-a994-0979d07db88b.gz を50倍に増幅中（並列処理）...
2025-08-11 21:25:03 -   ファイル api-logs-json-gz/year=2025/month=07/day=01/buildersflash-api-service-json-gz-1-2025-07-28-20-49-30-47e2ffad-cf50-441a-b3fe-635685a55aeb.gz を50倍に増幅中（並列処理）...
2025-08-11 21:25:15 -   ファイル api-logs-json-gz/year=2025/month=07/day=01/buildersflash-api-service-json-gz-1-2025-07-28-20-50-31-c886bb4d-820f-42df-88a2-04d8e7e7d29d.gz を50倍に増幅中（並列処理）...
2025-08-11 21:25:27 -   ファイル api-logs-json-gz/year=2025/month=07/day=01/buildersflash-api-service-json-gz-1-2025-07-28-20-51-32-0ec1bd03-8da9-43bc-8fa8-fff62e94b15f.gz を50倍に増幅中（並列処理）...
2025-08-11 21:25:39 -   ファイル api-logs-json-gz/year=2025/month=07/day=01/buildersflash-api-service-json-gz-1-2025-07-28-20-52-32-c80015d1-f9f4-4175-bb06-79a0bb272294.gz を50倍に増幅中（並列処理）...
2025-08-11 21:25:50 -   ファイル api-logs-json-gz/year=2025/month=07/day=01/buildersflash-api-service-json-gz-1-2025-07-28-20-53-33-f17fe45c-72e3-489a-b415-f93bc98fab0d.gz を50倍に増幅中（並列処理）...
2025-08-11 21:26:01 -   ファイル api-logs-json-gz/year=2025/month=07/day=01/buildersflash-api-service-json-gz-1-2025-07-28-20-54-35-e9ab042d-f577-40ce-91d9-73865fb059dd.gz を50倍に増幅中（並列処理）...
2025-08-11 21:26:14 -   ファイル api-logs-json-gz/year=2025/month=07/day=01/buildersflash-api-service-json-gz-1-2025-07-28-20-55-36-576f9089-ad3e-4260-9bfc-666db2ccea36.gz を50倍に増幅中（並列処理）...
2025-08-11 21:26:27 -   ファイル api-logs-json-gz/year=2025/month=07/day=01/buildersflash-api-service-json-gz-1-2025-07-28-20-56-36-3b3bba74-7c30-4d6a-a686-2fb2747fbe8f.gz を50倍に増幅中（並列処理）...
2025-08-11 21:26:40 -   ファイル api-logs-json-gz/year=2025/month=07/day=01/buildersflash-api-service-json-gz-1-2025-07-28-20-57-37-1a8a4457-480c-4e58-a8c0-302820623212.gz を50倍に増幅中（並列処理）...
2025-08-11 21:26:52 -   ファイル api-logs-json-gz/year=2025/month=07/day=01/buildersflash-api-service-json-gz-1-2025-07-28-20-58-38-adc8e415-ba3b-4765-9f8e-432535c335ec.gz を50倍に増幅中（並列処理）...
2025-08-11 21:27:02 -   ファイル api-logs-json-gz/year=2025/month=07/day=01/buildersflash-api-service-json-gz-1-2025-07-28-20-59-38-e2a3692d-fa51-4927-89ac-faee48e21a56.gz を50倍に増幅中（並列処理）...
2025-08-11 21:27:13 -   ファイル api-logs-json-gz/year=2025/month=07/day=01/buildersflash-api-service-json-gz-1-2025-07-28-21-00-56-e2d32c69-2dc6-45e8-a2f9-50923c3eea70.gz を50倍に増幅中（並列処理）...
2025-08-11 21:27:24 -   ファイル api-logs-json-gz/year=2025/month=07/day=01/buildersflash-api-service-json-gz-1-2025-07-28-21-01-58-94b55361-9b5e-4a8c-9a38-0847294dff61.gz を50倍に増幅中（並列処理）...
2025-08-11 21:27:34 -   ファイル api-logs-json-gz/year=2025/month=07/day=01/buildersflash-api-service-json-gz-1-2025-07-28-21-02-59-59dc41ca-0550-4373-9b23-d10fb007615e.gz を50倍に増幅中（並列処理）...
2025-08-11 21:27:47 -   ファイル api-logs-json-gz/year=2025/month=07/day=01/buildersflash-api-service-json-gz-1-2025-07-28-21-03-59-2f600569-b679-4a23-9874-bfbe755508f9.gz を50倍に増幅中（並列処理）...
2025-08-11 21:27:59 -   ファイル api-logs-json-gz/year=2025/month=07/day=01/buildersflash-api-service-json-gz-1-2025-07-28-21-05-00-45a88675-884f-4a8e-b8c9-a041ff0ade1e.gz を50倍に増幅中（並列処理）...
2025-08-11 21:28:13 -   ファイル api-logs-json-gz/year=2025/month=07/day=01/buildersflash-api-service-json-gz-1-2025-07-28-21-06-01-e030370c-7606-487c-84cd-1027864c8956.gz を50倍に増幅中（並列処理）...
2025-08-11 21:28:27 -   ファイル api-logs-json-gz/year=2025/month=07/day=01/buildersflash-api-service-json-gz-1-2025-07-28-21-07-05-56118850-7eb9-437d-b01b-3214b8f10d53.gz を50倍に増幅中（並列処理）...
2025-08-11 21:28:43 -   ファイル api-logs-json-gz/year=2025/month=07/day=01/buildersflash-api-service-json-gz-1-2025-07-28-21-08-07-8899c12f-4385-441f-8826-75e806588860.gz を50倍に増幅中（並列処理）...
2025-08-11 21:28:59 -   ファイル api-logs-json-gz/year=2025/month=07/day=01/buildersflash-api-service-json-gz-1-2025-07-28-21-09-07-70da0a87-b4ae-4b1b-a1ba-374e03f280ec.gz を50倍に増幅中（並列処理）...
2025-08-11 21:29:17 -   ファイル api-logs-json-gz/year=2025/month=07/day=01/buildersflash-api-service-json-gz-1-2025-07-28-21-10-08-bb3e684c-939a-40a9-862f-d38d13833d80.gz を50倍に増幅中（並列処理）...
2025-08-11 21:29:35 -   ファイル api-logs-json-gz/year=2025/month=07/day=01/buildersflash-api-service-json-gz-1-2025-07-28-21-11-08-1bbd46a7-b8f2-462c-bc0f-60a5ea4bb073.gz を50倍に増幅中（並列処理）...
2025-08-11 21:29:57 -   ファイル api-logs-json-gz/year=2025/month=07/day=01/buildersflash-api-service-json-gz-1-2025-07-28-21-12-27-d1f8c095-912a-45d9-b3b9-324f479a6aeb.gz を50倍に増幅中（並列処理）...
2025-08-11 21:30:19 -   ファイル api-logs-json-gz/year=2025/month=07/day=01/buildersflash-api-service-json-gz-1-2025-07-28-21-13-26-11486f60-e05c-47f3-9355-8b10653dae39.gz を50倍に増幅中（並列処理）...
2025-08-11 21:30:40 -   ファイル api-logs-json-gz/year=2025/month=07/day=01/buildersflash-api-service-json-gz-1-2025-07-28-21-14-27-f11e6c0b-9bfb-47cc-8982-3e8a25f0c067.gz を50倍に増幅中（並列処理）...
2025-08-11 21:31:00 -   ファイル api-logs-json-gz/year=2025/month=07/day=01/buildersflash-api-service-json-gz-1-2025-07-28-21-15-27-b3a9fc6a-a58e-407f-9c9d-3f486eed0422.gz を50倍に増幅中（並列処理）...
2025-08-11 21:31:25 -   ファイル api-logs-json-gz/year=2025/month=07/day=01/buildersflash-api-service-json-gz-1-2025-07-28-21-16-28-69d86dd2-5290-4ee1-ae50-9b6c38e48e70.gz を50倍に増幅中（並列処理）...
2025-08-11 21:31:47 -   ファイル api-logs-json-gz/year=2025/month=07/day=01/buildersflash-api-service-json-gz-1-2025-07-28-21-17-28-670dc970-c184-4db7-94c2-2e8285ee01a6.gz を50倍に増幅中（並列処理）...
2025-08-11 21:32:13 -   ファイル api-logs-json-gz/year=2025/month=07/day=01/buildersflash-api-service-json-gz-1-2025-07-28-21-18-29-4d562c7b-57a6-47e8-9956-444495afe8df.gz を50倍に増幅中（並列処理）...
2025-08-11 21:32:36 -   ファイル api-logs-json-gz/year=2025/month=07/day=01/buildersflash-api-service-json-gz-1-2025-07-28-21-19-30-c8e8d09d-543d-4285-bcd1-f75cb943af8b.gz を50倍に増幅中（並列処理）...
2025-08-11 21:32:58 -   ファイル api-logs-json-gz/year=2025/month=07/day=01/buildersflash-api-service-json-gz-1-2025-07-28-21-20-31-da90c0bd-11b9-4b5d-a737-9a593d5307eb.gz を50倍に増幅中（並列処理）...
2025-08-11 21:33:11 -   ファイル api-logs-json-gz/year=2025/month=07/day=01/buildersflash-api-service-json-gz-1-2025-07-28-21-21-31-019a5141-5219-490d-831e-ca3c1f3297d1.gz を50倍に増幅中（並列処理）...
2025-08-11 21:33:32 -   ファイル api-logs-json-gz/year=2025/month=07/day=01/buildersflash-api-service-json-gz-1-2025-07-28-21-22-32-a69ef28a-632c-40d3-a9ea-96fb3295dcfb.gz を50倍に増幅中（並列処理）...
2025-08-11 21:33:54 -   ファイル api-logs-json-gz/year=2025/month=07/day=01/buildersflash-api-service-json-gz-1-2025-07-28-21-23-33-6cc77dd2-667c-4d1c-a7b6-5ceb8bd0274e.gz を50倍に増幅中（並列処理）...
2025-08-11 21:34:11 -   ファイル api-logs-json-gz/year=2025/month=07/day=01/buildersflash-api-service-json-gz-1-2025-07-28-21-24-34-9dabe431-0142-424a-bf8c-5228a68fccbc.gz を50倍に増幅中（並列処理）...
2025-08-11 21:34:31 -   ファイル api-logs-json-gz/year=2025/month=07/day=01/buildersflash-api-service-json-gz-1-2025-07-28-21-25-34-f4d27c74-e963-4f0e-948f-927c0069974a.gz を50倍に増幅中（並列処理）...
2025-08-11 21:34:51 -   ファイル api-logs-json-gz/year=2025/month=07/day=01/buildersflash-api-service-json-gz-1-2025-07-28-21-26-35-a47fa5ec-b05b-4d29-887d-4fb6fc9abacf.gz を50倍に増幅中（並列処理）...
2025-08-11 21:35:12 -   ファイル api-logs-json-gz/year=2025/month=07/day=01/buildersflash-api-service-json-gz-1-2025-07-28-21-27-36-28d4b941-b197-4574-8b37-d31e2cb1de0a.gz を50倍に増幅中（並列処理）...
2025-08-11 21:35:29 -   ファイル api-logs-json-gz/year=2025/month=07/day=01/buildersflash-api-service-json-gz-1-2025-07-28-21-28-36-6cab003d-f5e4-4d0e-9cde-e5fb083ffc65.gz を50倍に増幅中（並列処理）...
2025-08-11 21:35:49 -   ファイル api-logs-json-gz/year=2025/month=07/day=01/buildersflash-api-service-json-gz-1-2025-07-28-21-29-37-a5d30cbb-e30e-48f3-a592-d00144d427ad.gz を50倍に増幅中（並列処理）...
2025-08-11 21:36:08 -   ファイル api-logs-json-gz/year=2025/month=07/day=01/buildersflash-api-service-json-gz-1-2025-07-28-21-30-38-738c062e-7126-4569-ab91-b38de693e909.gz を50倍に増幅中（並列処理）...
2025-08-11 21:36:29 -   ファイル api-logs-json-gz/year=2025/month=07/day=01/buildersflash-api-service-json-gz-1-2025-07-28-21-31-39-e2e9ed66-8cdc-4b9e-9e88-cf0143b239ff.gz を50倍に増幅中（並列処理）...
2025-08-11 21:36:47 -   ファイル api-logs-json-gz/year=2025/month=07/day=01/buildersflash-api-service-json-gz-1-2025-07-28-21-32-40-baa5349e-90b0-4086-9df8-29265bdabffc.gz を50倍に増幅中（並列処理）...
2025-08-11 21:37:05 -   ファイル api-logs-json-gz/year=2025/month=07/day=01/buildersflash-api-service-json-gz-1-2025-07-28-21-33-40-2bfa3972-7e2d-46ca-b462-f2da690d7d43.gz を50倍に増幅中（並列処理）...
2025-08-11 21:37:24 -   ファイル api-logs-json-gz/year=2025/month=07/day=01/buildersflash-api-service-json-gz-1-2025-07-28-21-34-41-b886bfe5-d49c-4cc1-8549-cb264536d4ad.gz を50倍に増幅中（並列処理）...
2025-08-11 21:37:44 -   ファイル api-logs-json-gz/year=2025/month=07/day=01/buildersflash-api-service-json-gz-1-2025-07-28-21-35-57-3bbec77d-ff16-491c-8bdd-3511c31e2028.gz を50倍に増幅中（並列処理）...
2025-08-11 21:38:04 -   ファイル api-logs-json-gz/year=2025/month=07/day=01/buildersflash-api-service-json-gz-1-2025-07-28-21-36-57-f35c67a5-6976-4613-b40f-8aa9f747a433.gz を50倍に増幅中（並列処理）...
2025-08-11 21:38:23 -   ファイル api-logs-json-gz/year=2025/month=07/day=01/buildersflash-api-service-json-gz-1-2025-07-28-21-37-57-578c4b71-668e-4e48-a9ac-a668607b4af2.gz を50倍に増幅中（並列処理）...
2025-08-11 21:38:45 -   ファイル api-logs-json-gz/year=2025/month=07/day=01/buildersflash-api-service-json-gz-1-2025-07-28-21-38-58-2cda4ecf-e9dc-49ce-8121-ab671e74ca28.gz を50倍に増幅中（並列処理）...
2025-08-11 21:39:07 -   ファイル api-logs-json-gz/year=2025/month=07/day=01/buildersflash-api-service-json-gz-1-2025-07-28-21-39-59-93f79e11-0c58-4543-bad8-af7bd260e010.gz を50倍に増幅中（並列処理）...
2025-08-11 21:39:28 -   ファイル api-logs-json-gz/year=2025/month=07/day=01/buildersflash-api-service-json-gz-1-2025-07-28-21-41-00-f7739c3b-b96f-4d08-8fa8-68c83ecc553b.gz を50倍に増幅中（並列処理）...
2025-08-11 21:39:47 -   ファイル api-logs-json-gz/year=2025/month=07/day=01/buildersflash-api-service-json-gz-1-2025-07-28-21-42-00-2bbee67c-bfc3-40c4-b9d4-7796bcfdb37d.gz を50倍に増幅中（並列処理）...
2025-08-11 21:40:08 -   ファイル api-logs-json-gz/year=2025/month=07/day=01/buildersflash-api-service-json-gz-1-2025-07-28-21-43-01-e1452312-ecb2-4f3e-b9f5-4724f0a05956.gz を50倍に増幅中（並列処理）...
2025-08-11 21:40:28 -   ファイル api-logs-json-gz/year=2025/month=07/day=01/buildersflash-api-service-json-gz-1-2025-07-28-21-44-02-6b0046f9-7f9d-4dcc-9018-ccbdf2f8336b.gz を50倍に増幅中（並列処理）...
2025-08-11 21:40:49 -   ファイル api-logs-json-gz/year=2025/month=07/day=01/buildersflash-api-service-json-gz-1-2025-07-28-21-45-02-81cc0b67-4ed0-4c37-9ffc-13a8182d2687.gz を50倍に増幅中（並列処理）...
2025-08-11 21:41:09 -   ファイル api-logs-json-gz/year=2025/month=07/day=01/buildersflash-api-service-json-gz-1-2025-07-28-21-46-03-fd3e9dad-8ca9-4e43-88d7-3c5920ef136b.gz を50倍に増幅中（並列処理）...
2025-08-11 21:41:27 -   ファイル api-logs-json-gz/year=2025/month=07/day=01/buildersflash-api-service-json-gz-1-2025-07-28-21-47-04-9d8d1fc5-af01-49d3-a79f-568b4f5970bf.gz を50倍に増幅中（並列処理）...
2025-08-11 21:41:45 -   ファイル api-logs-json-gz/year=2025/month=07/day=01/buildersflash-api-service-json-gz-1-2025-07-28-21-48-04-eb4772d8-01a3-4d6e-8ce0-e84c9742cff4.gz を50倍に増幅中（並列処理）...
2025-08-11 21:42:03 -   ファイル api-logs-json-gz/year=2025/month=07/day=01/buildersflash-api-service-json-gz-1-2025-07-28-21-49-05-279b3a10-f41b-45f1-abd9-085742aa5aa5.gz を50倍に増幅中（並列処理）...
2025-08-11 21:42:22 -   ファイル api-logs-json-gz/year=2025/month=07/day=01/buildersflash-api-service-json-gz-1-2025-07-28-21-50-06-d29872bc-75b3-4743-a0f9-c284f20150a3.gz を50倍に増幅中（並列処理）...
2025-08-11 21:42:40 -   ファイル api-logs-json-gz/year=2025/month=07/day=01/buildersflash-api-service-json-gz-1-2025-07-28-21-51-07-b12cf422-87fb-43c1-a57b-1011a01c5b94.gz を50倍に増幅中（並列処理）...
2025-08-11 21:42:55 -   ファイル api-logs-json-gz/year=2025/month=07/day=01/buildersflash-api-service-json-gz-1-2025-07-28-21-52-07-e2b9772e-ec3e-486c-ad16-803ca88889b5.gz を50倍に増幅中（並列処理）...
2025-08-11 21:43:13 -   ファイル api-logs-json-gz/year=2025/month=07/day=01/buildersflash-api-service-json-gz-1-2025-07-28-21-53-07-77005683-978f-4e38-908e-d9acf07b577c.gz を50倍に増幅中（並列処理）...
2025-08-11 21:43:31 -   ファイル api-logs-json-gz/year=2025/month=07/day=01/buildersflash-api-service-json-gz-1-2025-07-28-21-54-08-b8529824-54ce-4598-a63c-9af90613d412.gz を50倍に増幅中（並列処理）...
2025-08-11 21:43:48 -   ファイル api-logs-json-gz/year=2025/month=07/day=01/buildersflash-api-service-json-gz-1-2025-07-28-21-55-09-b571111d-2ade-42a5-b8c6-7beb1585c74b.gz を50倍に増幅中（並列処理）...
2025-08-11 21:44:05 -   ファイル api-logs-json-gz/year=2025/month=07/day=01/buildersflash-api-service-json-gz-1-2025-07-28-21-56-11-b9e26b22-c1d7-45d2-92b2-b506328edcb1.gz を50倍に増幅中（並列処理）...
2025-08-11 21:44:20 -   ファイル api-logs-json-gz/year=2025/month=07/day=01/buildersflash-api-service-json-gz-1-2025-07-28-21-57-11-7f5af6a9-8444-4263-ab3e-9ebec748d6f8.gz を50倍に増幅中（並列処理）...
2025-08-11 21:44:37 -   ファイル api-logs-json-gz/year=2025/month=07/day=01/buildersflash-api-service-json-gz-1-2025-07-28-21-58-12-0a959166-8990-4e38-bee4-388ea6fb8854.gz を50倍に増幅中（並列処理）...
2025-08-11 21:44:52 -   ファイル api-logs-json-gz/year=2025/month=07/day=01/buildersflash-api-service-json-gz-1-2025-07-28-21-59-12-1e59cc2c-2828-4cce-bf03-2dab7d244df7.gz を50倍に増幅中（並列処理）...
2025-08-11 21:45:12 -   ファイル api-logs-json-gz/year=2025/month=07/day=01/buildersflash-api-service-json-gz-1-2025-07-28-22-00-13-7d4e7cf0-4f4f-4229-89ca-02d6c6d4058f.gz を50倍に増幅中（並列処理）...
2025-08-11 21:45:30 -   ファイル api-logs-json-gz/year=2025/month=07/day=01/buildersflash-api-service-json-gz-1-2025-07-28-22-01-14-94616221-0904-45f8-b699-d64a960eeb7e.gz を50倍に増幅中（並列処理）...
2025-08-11 21:45:47 -   ファイル api-logs-json-gz/year=2025/month=07/day=01/buildersflash-api-service-json-gz-1-2025-07-28-22-02-15-2f717539-acc7-4a9e-8812-071d919d40c7.gz を50倍に増幅中（並列処理）...
2025-08-11 21:46:04 -   ファイル api-logs-json-gz/year=2025/month=07/day=01/buildersflash-api-service-json-gz-1-2025-07-28-22-03-16-a7b58854-f84b-4177-8b16-999111860371.gz を50倍に増幅中（並列処理）...
2025-08-11 21:46:25 -   ファイル api-logs-json-gz/year=2025/month=07/day=01/buildersflash-api-service-json-gz-1-2025-07-28-22-04-16-eb3c8c23-45e3-41c1-a095-5fe7620293e4.gz を50倍に増幅中（並列処理）...
2025-08-11 21:46:54 -   ファイル api-logs-json-gz/year=2025/month=07/day=01/buildersflash-api-service-json-gz-1-2025-07-28-22-05-22-14b4c669-462c-4410-a9b2-93f7595a2aea.gz を50倍に増幅中（並列処理）...
2025-08-11 21:47:26 -   ファイル api-logs-json-gz/year=2025/month=07/day=01/buildersflash-api-service-json-gz-1-2025-07-28-22-06-21-f0e69a2b-e12f-4eb0-bf34-6c7fa2f0eddb.gz を50倍に増幅中（並列処理）...
2025-08-11 21:47:52 -   ファイル api-logs-json-gz/year=2025/month=07/day=01/buildersflash-api-service-json-gz-1-2025-07-28-22-07-24-5a9edda0-bad3-4f32-911c-4b5873025abe.gz を50倍に増幅中（並列処理）...
2025-08-11 21:48:16 -   ファイル api-logs-json-gz/year=2025/month=07/day=01/buildersflash-api-service-json-gz-1-2025-07-28-22-08-24-8286890b-c4a7-48e6-b71d-4fe099b70280.gz を50倍に増幅中（並列処理）...
2025-08-11 21:48:39 -   ファイル api-logs-json-gz/year=2025/month=07/day=01/buildersflash-api-service-json-gz-1-2025-07-28-22-09-25-b782d1e0-6683-45e0-b651-2ed6d2ece1e7.gz を50倍に増幅中（並列処理）...
2025-08-11 21:49:00 -   ファイル api-logs-json-gz/year=2025/month=07/day=01/buildersflash-api-service-json-gz-1-2025-07-28-22-10-26-0bf3fc03-30ba-42d1-b7ed-042188e6c07c.gz を50倍に増幅中（並列処理）...
2025-08-11 21:49:23 -   ファイル api-logs-json-gz/year=2025/month=07/day=01/buildersflash-api-service-json-gz-1-2025-07-28-22-11-29-616f836b-468c-4e41-9d99-742682e5d953.gz を50倍に増幅中（並列処理）...
2025-08-11 21:49:44 -   ファイル api-logs-json-gz/year=2025/month=07/day=01/buildersflash-api-service-json-gz-1-2025-07-28-22-12-29-292cedaa-ccbe-4c91-bdbd-0f4b475d3fd7.gz を50倍に増幅中（並列処理）...
2025-08-11 21:50:07 -   ファイル api-logs-json-gz/year=2025/month=07/day=01/buildersflash-api-service-json-gz-1-2025-07-28-22-13-36-38c2b83f-861f-4610-bf2b-8643785e51e5.gz を50倍に増幅中（並列処理）...
2025-08-11 21:50:26 -   ファイル api-logs-json-gz/year=2025/month=07/day=01/buildersflash-api-service-json-gz-1-2025-07-28-22-14-36-e89dad72-0605-4ffb-aa8e-6511499b9078.gz を50倍に増幅中（並列処理）...
2025-08-11 21:50:35 -   ファイル api-logs-json-gz/year=2025/month=07/day=01/buildersflash-api-service-json-gz-1-2025-07-28-22-15-38-7c56df86-a578-4c04-ad00-7b89caffd86b.gz を50倍に増幅中（並列処理）...
2025-08-11 21:50:52 -   ファイル api-logs-json-gz/year=2025/month=07/day=01/buildersflash-api-service-json-gz-1-2025-07-28-22-16-39-843bb170-f9dd-4d42-9fbc-702ed3c019bc.gz を50倍に増幅中（並列処理）...
2025-08-11 21:51:13 -   ファイル api-logs-json-gz/year=2025/month=07/day=01/buildersflash-api-service-json-gz-1-2025-07-28-22-17-40-beeb19b0-b596-43ef-a811-c1db8c6c4ec3.gz を50倍に増幅中（並列処理）...
2025-08-11 21:51:32 -   ファイル api-logs-json-gz/year=2025/month=07/day=01/buildersflash-api-service-json-gz-1-2025-07-28-22-18-49-8501616e-0779-4574-8b28-0a9c6931a50d.gz を50倍に増幅中（並列処理）...
2025-08-11 21:51:50 -   day=01 の並列処理を待機中...
2025-08-11 21:52:09 - day=01 増設完了:
2025-08-11 21:52:09 -   元のファイル数:      143
2025-08-11 21:52:09 -   増設後のファイル数:     7150
2025-08-11 21:52:09 -   期待されるファイル数: 7150
2025-08-11 21:52:09 -   ✅ day=1 の50倍増設が正常に完了しました！
2025-08-11 21:52:09 - 
2025-08-11 21:52:09 - day=02: ファイルリストが見つかりません
2025-08-11 21:52:09 - 
2025-08-11 21:52:09 - day=03: ファイルリストが見つかりません
2025-08-11 21:52:09 - 
2025-08-11 21:52:09 - day=04: ファイルリストが見つかりません
2025-08-11 21:52:09 - 
2025-08-11 21:52:09 - day=05: ファイルリストが見つかりません
2025-08-11 21:52:09 - 
2025-08-11 21:52:09 - day=06: ファイルリストが見つかりません
2025-08-11 21:52:09 - 
2025-08-11 21:52:09 - day=07: ファイルリストが見つかりません
2025-08-11 21:52:09 - 
2025-08-11 21:52:09 - day=08: ファイルリストが見つかりません
2025-08-11 21:52:09 - 
2025-08-11 21:52:09 - day=09: ファイルリストが見つかりません
2025-08-11 21:52:09 - 
2025-08-11 21:52:09 - day=10: ファイルリストが見つかりません
2025-08-11 21:52:09 - 
2025-08-11 21:52:09 - day=11: ファイルリストが見つかりません
2025-08-11 21:52:09 - 
2025-08-11 21:52:09 - day=12: ファイルリストが見つかりません
2025-08-11 21:52:09 - 
2025-08-11 21:52:09 - day=13: ファイルリストが見つかりません
2025-08-11 21:52:09 - 
2025-08-11 21:52:09 - day=14: ファイルリストが見つかりません
2025-08-11 21:52:09 - 
2025-08-11 21:52:09 - day=15: ファイルリストが見つかりません
2025-08-11 21:52:09 - 
2025-08-11 21:52:09 - day=16: ファイルリストが見つかりません
2025-08-11 21:52:09 - 
2025-08-11 21:52:09 - day=17: ファイルリストが見つかりません
2025-08-11 21:52:09 - 
2025-08-11 21:52:09 - day=18: ファイルリストが見つかりません
2025-08-11 21:52:09 - 
2025-08-11 21:52:09 - day=19: ファイルリストが見つかりません
2025-08-11 21:52:09 - 
2025-08-11 21:52:09 - day=20: ファイルリストが見つかりません
2025-08-11 21:52:09 - 
2025-08-11 21:52:09 - day=21: ファイルリストが見つかりません
2025-08-11 21:52:09 - 
2025-08-11 21:52:09 - day=22: ファイルリストが見つかりません
2025-08-11 21:52:09 - 
2025-08-11 21:52:09 - day=23: ファイルリストが見つかりません
2025-08-11 21:52:09 - 
2025-08-11 21:52:09 - day=24: ファイルリストが見つかりません
2025-08-11 21:52:09 - 
2025-08-11 21:52:09 - day=25: ファイルリストが見つかりません
2025-08-11 21:52:09 - 
2025-08-11 21:52:09 - day=26: ファイルリストが見つかりません
2025-08-11 21:52:09 - 
2025-08-11 21:52:09 - day=27: ファイルリストが見つかりません
2025-08-11 21:52:09 - 
2025-08-11 21:52:09 - day=28: ファイルリストが見つかりません
2025-08-11 21:52:09 - 
2025-08-11 21:52:10 - day=29: ファイルリストが見つかりません
2025-08-11 21:52:10 - 
2025-08-11 21:52:10 - day=30: ファイルリストが見つかりません
2025-08-11 21:52:10 - 
2025-08-11 21:52:10 - day=31: ファイルリストが見つかりません
2025-08-11 21:52:10 - 
2025-08-11 21:52:10 - === 全体の統計 ===
2025-08-11 21:52:14 - day=01: 元     143個 → 現在    7150個
2025-08-11 21:52:14 - 
2025-08-11 21:52:14 - 総計: 元143個 → 現在7150個
2025-08-11 21:52:14 - 完了しました。
